resolve com to 1025
resolve org to 1026
resolve microsoft.com to 5678
resolve google.com to 1234
resolve wikipedia.org to 11111
resolve www.google.com to 1234
resolve account.google.com to 1235
resolve en.wikipedia.org to 8768
resolve www.reddit.au.com to 65535
