INVALID PORT
resolve org to NXDOMAIN
INVALID PORT
resolve au to NXDOMAIN
INVALID PORT
resolve facebook.com to NXDOMAIN
INVALID PORT
resolve reddit.com to NXDOMAIN
INVALID PORT
resolve google.com to NXDOMAIN
INVALID PORT
resolve www.google.com to NXDOMAIN
