resolve org to NXDOMAIN
resolve microsoft.com to NXDOMAIN
resolve google.com to NXDOMAIN
resolve wikipedia.org to NXDOMAIN
resolve www.google.com to NXDOMAIN
resolve account.google.com to NXDOMAIN
resolve en.wikipedia.org to NXDOMAIN
resolve www.reddit.au.com to NXDOMAIN
