INVALID
resolve com to 1025
resolve org to 1026
resolve org to NXDOMAIN
