INVALID
INVALID
INVALID
INVALID
INVALID
INVALID
INVALID
INVALID PORT
